MPLINK 4.49, Linker
Linker Map File - Created Tue Mar 05 06:46:52 2019

                                 Section Info
                  Section       Type    Address   Location Size(Bytes)
                ---------  ---------  ---------  ---------  ---------
                   .org_0       code   0x000000    program   0x000000
                   .org_1       code   0x000000    program   0x000002
                   .org_2       code   0x000005    program   0x00008c



                              Program Memory Usage 
                               Start         End      
                           ---------   ---------      
                            0x000000    0x000000      
                            0x000005    0x00004a      
            71 out of 8454 program addresses used, program memory utilization is 0%



                              Symbols - Sorted by Name
                     Name    Address   Location    Storage File                     
                ---------  ---------  ---------  --------- ---------                
                   centro   0x000036    program     static C:\Users\Micros\Documents\g\prueba_leds.asm
                    ciclo   0x000048    program     static C:\Users\Micros\Documents\g\prueba_leds.asm
             corrimientoD   0x00001f    program     static C:\Users\Micros\Documents\g\prueba_leds.asm
             corrimientoI   0x000028    program     static C:\Users\Micros\Documents\g\prueba_leds.asm
                   inicio   0x000005    program     static C:\Users\Micros\Documents\g\prueba_leds.asm
           lecturaEntrada   0x00000c    program     static C:\Users\Micros\Documents\g\prueba_leds.asm
                     loop   0x000023    program     static C:\Users\Micros\Documents\g\prueba_leds.asm
                    loop1   0x00002c    program     static C:\Users\Micros\Documents\g\prueba_leds.asm
                    loop2   0x000037    program     static C:\Users\Micros\Documents\g\prueba_leds.asm
                 parpadeo   0x00003f    program     static C:\Users\Micros\Documents\g\prueba_leds.asm
                  retardo   0x000046    program     static C:\Users\Micros\Documents\g\prueba_leds.asm
             tablaValores   0x000031    program     static C:\Users\Micros\Documents\g\prueba_leds.asm



                              Symbols - Sorted by Address
                     Name    Address   Location    Storage File                     
                ---------  ---------  ---------  --------- ---------                
                   inicio   0x000005    program     static C:\Users\Micros\Documents\g\prueba_leds.asm
           lecturaEntrada   0x00000c    program     static C:\Users\Micros\Documents\g\prueba_leds.asm
             corrimientoD   0x00001f    program     static C:\Users\Micros\Documents\g\prueba_leds.asm
                     loop   0x000023    program     static C:\Users\Micros\Documents\g\prueba_leds.asm
             corrimientoI   0x000028    program     static C:\Users\Micros\Documents\g\prueba_leds.asm
                    loop1   0x00002c    program     static C:\Users\Micros\Documents\g\prueba_leds.asm
             tablaValores   0x000031    program     static C:\Users\Micros\Documents\g\prueba_leds.asm
                   centro   0x000036    program     static C:\Users\Micros\Documents\g\prueba_leds.asm
                    loop2   0x000037    program     static C:\Users\Micros\Documents\g\prueba_leds.asm
                 parpadeo   0x00003f    program     static C:\Users\Micros\Documents\g\prueba_leds.asm
                  retardo   0x000046    program     static C:\Users\Micros\Documents\g\prueba_leds.asm
                    ciclo   0x000048    program     static C:\Users\Micros\Documents\g\prueba_leds.asm


